// Jest Snapshot v1, https://goo.gl/fbAQLP

exports[`MainHeader component should match a snapshot 1`] = `
<div>
  <div
    class="text-white bg-[#1C1C1C] py-4 lg:flex 2xl:px-20  "
  >
    <div
      class=" p-4 md:flex  md:items-center md:w-3/4 lg:w-full lg:flex lg:items-center"
    >
      <img
        alt="Header-Image"
        class="rounded-md "
        data-nimg="1"
        decoding="async"
        fetchpriority="high"
        height="300"
        src="/_next/image?url=https%3A%2F%2Fexample.com%2Fimage.jpg&w=640&q=100"
        srcset="/_next/image?url=https%3A%2F%2Fexample.com%2Fimage.jpg&w=384&q=100 1x, /_next/image?url=https%3A%2F%2Fexample.com%2Fimage.jpg&w=640&q=100 2x"
        style="color: transparent; height: auto; width: 230px;"
        width="300"
      />
      <div
        class=" px-4 hidden md:block xl:w-2/4 "
      >
        <h1
          class="py-4 text-xl"
        >
          Naruto
        </h1>
        <div
          style="display: flex;"
        >
          <textarea
            aria-label="empty textarea"
            class=" w-full text-sm font-normal bg-transparent  leading-normal  resize-none"
            cols="100"
            data-testid="text-area"
            disabled=""
            placeholder="Empty"
            rows="1"
            style="height: 0px; overflow: hidden;"
          >
            Naruto Uzumaki, a hyperactive and knuckle-headed ninja, lives in Konohagakure, the Hidden Leaf village. Moments prior to his birth, a huge demon known as the Kyuubi, the Nine-tailed Fox, attacked Konohagakure and wreaked havoc. In order to put an end to the Kyuubi's rampage, the leader of the village, the 4th Hokage, sacrificed his life and sealed the monstrous beast inside the newborn Naruto.
          </textarea>
          <textarea
            aria-hidden="true"
            class=" w-full text-sm font-normal bg-transparent  leading-normal  resize-none"
            readonly=""
            style="visibility: hidden; position: absolute; overflow: hidden; height: 0px; top: 0px; left: 0px; transform: translateZ(0); padding-top: 0px; padding-bottom: 0px;"
            tabindex="-1"
          />
        </div>
      </div>
    </div>
    <div
      class="w-4/5 px-4 md:hidden"
    >
      <h1>
        Naruto
      </h1>
    </div>
  </div>
</div>
`;
